// Jest Snapshot v1, https://goo.gl/fbAQLP

exports[`App entry test for Entry 1`] = `
<div
  class="App"
/>
`;
